// Jest Snapshot v1, https://goo.gl/fbAQLP

exports[`Header component renders a .Header by default 1`] = `
<nav
  className="Header"
>
  <div
    className="flexBody"
  >
    <h1>
      <Link
        to="/"
      >
        How You Doin?
      </Link>
    </h1>
    <div>
      <div
        className="Header__Landing"
      >
        <Link
          to="/register"
        >
          Sign up
        </Link>
        <Link
          to="/login"
        >
          Log in
        </Link>
      </div>
    </div>
  </div>
</nav>
`;
